c:\users\thoma\source\repos\tsuki engine\tsuki engine\x64\debug\vc143.pdb
c:\users\thoma\source\repos\tsuki engine\tsuki engine\x64\debug\vc143.idb
c:\users\thoma\source\repos\tsuki engine\tsuki engine\x64\debug\t_initializers.obj
c:\users\thoma\source\repos\tsuki engine\tsuki engine\x64\debug\t_images.obj
c:\users\thoma\source\repos\tsuki engine\tsuki engine\x64\debug\t_engine.obj
c:\users\thoma\source\repos\tsuki engine\tsuki engine\x64\debug\main.obj
c:\users\thoma\source\repos\tsuki engine\tsuki engine\x64\debug\t_pipelines.obj
c:\users\thoma\source\repos\tsuki engine\tsuki engine\x64\debug\t_descriptors.obj
c:\users\thoma\source\repos\tsuki engine\tsuki engine\x64\debug\imgui_impl_vulkan.obj
c:\users\thoma\source\repos\tsuki engine\tsuki engine\x64\debug\imgui_impl_glfw.obj
c:\users\thoma\source\repos\tsuki engine\tsuki engine\x64\debug\imgui_widgets.obj
c:\users\thoma\source\repos\tsuki engine\tsuki engine\x64\debug\imgui_tables.obj
c:\users\thoma\source\repos\tsuki engine\tsuki engine\x64\debug\imgui_draw.obj
c:\users\thoma\source\repos\tsuki engine\tsuki engine\x64\debug\imgui.obj
c:\users\thoma\source\repos\tsuki engine\tsuki engine\x64\debug\imgui_demo.obj
c:\users\thoma\source\repos\tsuki engine\x64\debug\tsuki engine.exe
c:\users\thoma\source\repos\tsuki engine\x64\debug\tsuki engine.pdb
c:\users\thoma\source\repos\tsuki engine\tsuki engine\x64\debug\tsuki engine.ilk
c:\users\thoma\source\repos\tsuki engine\tsuki engine\x64\debug\tsuki engine.tlog\cl.command.1.tlog
c:\users\thoma\source\repos\tsuki engine\tsuki engine\x64\debug\tsuki engine.tlog\cl.items.tlog
c:\users\thoma\source\repos\tsuki engine\tsuki engine\x64\debug\tsuki engine.tlog\cl.read.1.tlog
c:\users\thoma\source\repos\tsuki engine\tsuki engine\x64\debug\tsuki engine.tlog\cl.write.1.tlog
c:\users\thoma\source\repos\tsuki engine\tsuki engine\x64\debug\tsuki engine.tlog\link.command.1.tlog
c:\users\thoma\source\repos\tsuki engine\tsuki engine\x64\debug\tsuki engine.tlog\link.read.1.tlog
c:\users\thoma\source\repos\tsuki engine\tsuki engine\x64\debug\tsuki engine.tlog\link.secondary.1.tlog
c:\users\thoma\source\repos\tsuki engine\tsuki engine\x64\debug\tsuki engine.tlog\link.write.1.tlog
